################################################################################
#                                                                              #
#      IAR Universal Linker V5.0.2.5/W32                                       #
#                                                                              #
#           Link time     =  09/Oct/2019  23:21:23                             #
#           Target CPU    =  x51                                               #
#           List file     =  "C:\Users\81077\Desktop\CC2530µ¥Æ¬»ú\2019ÅäÌ×ÊµÑé #
#                            \ÊµÑé1 GPIOÊµÑé\4.°´¼ü¿ØÖÆLEDÁ÷Ë®µÆ\Debug\List\GP #
#                            IO.map"                                           #
#           Output file 1 =  "C:\Users\81077\Desktop\CC2530µ¥Æ¬»ú\2019ÅäÌ×ÊµÑé #
#                            \ÊµÑé1 GPIOÊµÑé\4.°´¼ü¿ØÖÆLEDÁ÷Ë®µÆ\Debug\Exe\Key #
#                            .hex"                                             #
#                            Format: intel-extended                            #
#           Output file 2 =  "C:\Users\81077\Desktop\CC2530µ¥Æ¬»ú\2019ÅäÌ×ÊµÑé #
#                            \ÊµÑé1 GPIOÊµÑé\4.°´¼ü¿ØÖÆLEDÁ÷Ë®µÆ\Debug\Exe\GPI #
#                            O.d51"                                            #
#                            Format: debug                                     #
#                            UBROF version 10.0.3                              #
#                            Using library modules for C-SPY (-rt)             #
#           Command line  =  "-IC:\Program Files (x86)\IAR Systems\Embedded Wo #
#                            rkbench 6.0\8051\CONFIG\"                         #
#                            -D_NR_OF_BANKS=0 -D_CODEBANK_END=0                #
#                            -D_CODEBANK_START=0                               #
#                            "C:\Users\81077\Desktop\CC2530µ¥Æ¬»ú\2019ÅäÌ×ÊµÑé #
#                            \ÊµÑé1 GPIOÊµÑé\4.°´¼ü¿ØÖÆLEDÁ÷Ë®µÆ\Debug\Obj\mai #
#                            n.r51"                                            #
#                            -o                                                #
#                            "C:\Users\81077\Desktop\CC2530µ¥Æ¬»ú\2019ÅäÌ×ÊµÑé #
#                            \ÊµÑé1 GPIOÊµÑé\4.°´¼ü¿ØÖÆLEDÁ÷Ë®µÆ\Debug\Exe\GPI #
#                            O.d51"                                            #
#                            -l                                                #
#                            "C:\Users\81077\Desktop\CC2530µ¥Æ¬»ú\2019ÅäÌ×ÊµÑé #
#                            \ÊµÑé1 GPIOÊµÑé\4.°´¼ü¿ØÖÆLEDÁ÷Ë®µÆ\Debug\List\GP #
#                            IO.map"                                           #
#                            -xmsnio                                           #
#                            "-IC:\Program Files (x86)\IAR Systems\Embedded Wo #
#                            rkbench 6.0\8051\LIB\"                            #
#                            -f                                                #
#                            "C:\Program Files (x86)\IAR Systems\Embedded Work #
#                            bench 6.0\8051\config\devices\Texas Instruments\l #
#                            nk51ew_cc2531F256.xcl"                            #
#                            (-D_IDATA0_START=0x00 -D_IDATA0_END=0xFF          #
#                            -D_PDATA0_START=0x1E00 -D_PDATA0_END=0x1EFF       #
#                            -D_IXDATA0_START=0x0001 -D_IXDATA0_END=0x1EFF     #
#                            -D_XDATA0_START=_IXDATA0_START                    #
#                            -D_XDATA0_END=_IXDATA0_END                        #
#                            -D_CODE0_START=0x0000 -D_CODE0_END=0xFFFF         #
#                            -D?REGISTER_BANK=0x0 -D_REGISTER_BANK_START=0x0   #
#                            -D?PBANK_NUMBER=0x1E -D_BREG_START=0x00           #
#                            -D?VB=0x20 -D?ESP=0x9B -Z(BIT)BREG=_BREG_START    #
#                            -Z(BIT)BIT_N=0-7F                                 #
#                            -Z(DATA)REGISTERS+8=_REGISTER_BANK_START          #
#                            -Z(DATA)BDATA_Z,BDATA_N,BDATA_I=20-2F             #
#                            -Z(DATA)VREG+_NR_OF_VIRTUAL_REGISTERS=08-7F       #
#                            -Z(DATA)PSP,XSP=08-7F -Z(DATA)DOVERLAY=08-7F      #
#                            -Z(DATA)DATA_I,DATA_Z,DATA_N=08-7F                #
#                            -U(IDATA)0-7F=(DATA)0-7F                          #
#                            -Z(IDATA)IDATA_I,IDATA_Z,IDATA_N=08-_IDATA0_END   #
#                            -Z(IDATA)ISTACK+_IDATA_STACK_SIZE#08-_IDATA0_END  #
#                            -Z(IDATA)IOVERLAY=08-FF -Z(CODE)INTVEC=0          #
#                            -Z(CODE)CSTART=_CODE0_START-_CODE0_END            #
#                            -Z(CODE)BIT_ID,BDATA_ID,DATA_ID,IDATA_ID,IXDATA_I #
#                            D,PDATA_ID,XDATA_ID=_CODE0_START-_CODE0_END       #
#                            -Z(CODE)RCODE,DIFUNCT,CODE_C,CODE_N,NEAR_CODE=_CO #
#                            DE0_START-_CODE0_END                              #
#                            -Z(CODE)CHECKSUM#_CODE0_END                       #
#                            -Z(XDATA)EXT_STACK+_EXTENDED_STACK_SIZE=_EXTENDED #
#                            _STACK_START                                      #
#                            -Z(XDATA)PSTACK+_PDATA_STACK_SIZE=_PDATA0_START-_ #
#                            PDATA0_END                                        #
#                            -Z(XDATA)XSTACK+_XDATA_STACK_SIZE=_XDATA0_START-_ #
#                            XDATA0_END                                        #
#                            -Z(XDATA)PDATA_Z,PDATA_I=_PDATA0_START-_PDATA0_EN #
#                            D                                                 #
#                            -P(XDATA)PDATA_N=_PDATA0_START-_PDATA0_END        #
#                            -Z(XDATA)IXDATA_Z,IXDATA_I=_IXDATA0_START-_IXDATA #
#                            0_END                                             #
#                            -P(XDATA)IXDATA_N=_IXDATA0_START-_IXDATA0_END     #
#                            -Z(XDATA)XDATA_Z,XDATA_I=_XDATA0_START-_XDATA0_EN #
#                            D                                                 #
#                            -P(XDATA)XDATA_N=_XDATA0_START-_XDATA0_END        #
#                            -Z(XDATA)XDATA_HEAP+_XDATA_HEAP_SIZE=_XDATA0_STAR #
#                            T-_XDATA0_END                                     #
#                            -Z(CONST)XDATA_ROM_C=_XDATA0_START-_XDATA0_END    #
#                            -cx51) -D_NR_OF_VIRTUAL_REGISTERS=8               #
#                            -D?PBANK=0x93 -rt                                 #
#                            "-Ointel-extended=C:\Users\81077\Desktop\CC2530µ¥ #
#                            Æ¬»ú\2019ÅäÌ×ÊµÑé\ÊµÑé1 GPIOÊµÑé\4.°´¼ü¿ØÖÆLEDÁ÷Ë #
#                            ®µÆ\Debug\Exe\Key.hex"                            #
#                            -s __program_start                                #
#                            "C:\Program Files (x86)\IAR Systems\Embedded Work #
#                            bench 6.0\8051\LIB\CLIB\cl-pli-nsid-1e16x01.r51"  #
#                            -D_IDATA_STACK_SIZE=0x40                          #
#                            -D_EXTENDED_STACK_START=0x00                      #
#                            -D_EXTENDED_STACK_SIZE=0x00                       #
#                            -D_PDATA_STACK_SIZE=0x80                          #
#                            -D_XDATA_STACK_SIZE=0x1FF                         #
#                            -D_XDATA_HEAP_SIZE=0xFF -D_FAR_HEAP_SIZE=0xFFF    #
#                            -D_HUGE_HEAP_SIZE=0xFFF                           #
#                            -D_FAR22_HEAP_SIZE=0xFFF                          #
#                                                                              #
#                           Copyright (C) 1987-2010 IAR Systems AB.            #
################################################################################





                ****************************************
                *                                      *
                *           CROSS REFERENCE            *
                *                                      *
                ****************************************

       Program entry at : CODE      00000025  Relocatable, from module : CSTARTUP




                ****************************************
                *                                      *
                *            RUNTIME MODEL             *
                *                                      *
                ****************************************

  __SystemLibrary          = CLib
  __calling_convention     = idata_reentrant
  __code_model             = near
  __core                   = plain
  __data_model             = small
  __dptr_size              = 16
  __extended_stack         = disabled
  __location_for_constants = data
  __number_of_dptrs        = 1
  __rt_version             = 1



                ****************************************
                *                                      *
                *              MODULE MAP              *
                *                                      *
                ****************************************


  DEFINED ABSOLUTE ENTRIES
    *************************************************************************

  DEFINED ABSOLUTE ENTRIES
  PROGRAM MODULE, NAME : ?ABS_ENTRY_MOD

Absolute parts
           ENTRY                   ADDRESS         REF BY
           =====                   =======         ======
           _FAR22_HEAP_SIZE        00000FFF 
           _HUGE_HEAP_SIZE         00000FFF 
           _FAR_HEAP_SIZE          00000FFF 
           _XDATA_HEAP_SIZE        000000FF 
           _XDATA_STACK_SIZE       000001FF 
           _PDATA_STACK_SIZE       00000080 
           _EXTENDED_STACK_SIZE    00000000 
           _EXTENDED_STACK_START   00000000 
           _IDATA_STACK_SIZE       00000040 
           ?PBANK                  00000093 
           _NR_OF_VIRTUAL_REGISTERS
                                   00000008 
           ?ESP                    0000009B 
           ?VB                     00000020 
           _BREG_START             00000000 
           ?PBANK_NUMBER           0000001E 
           _REGISTER_BANK_START    00000000 
           ?REGISTER_BANK          00000000        Segment part 6 (CSTARTUP)
           _CODE0_END              0000FFFF 
           _CODE0_START            00000000 
           _XDATA0_END             00001EFF 
           _XDATA0_START           00000001 
           _IXDATA0_END            00001EFF 
           _IXDATA0_START          00000001 
           _PDATA0_END             00001EFF 
           _PDATA0_START           00001E00 
           _IDATA0_END             000000FF 
           _IDATA0_START           00000000 
           _CODEBANK_START         00000000 
           _CODEBANK_END           00000000 
           _NR_OF_BANKS            00000000 
    *************************************************************************

  FILE NAME : C:\Users\81077\Desktop\CC2530µ¥Æ¬»ú\2019ÅäÌ×ÊµÑé\ÊµÑé1 GPIOÊµÑé\4.°´¼ü¿ØÖÆLEDÁ÷Ë®µÆ\Debug\Obj\main.r51
  PROGRAM MODULE, NAME : main

  SEGMENTS IN THE MODULE
  ======================
SFR_AN
  Relative segment, address: DATA 00000080 - 00000080 (0x1 bytes), align: 0
  Segment part 1. ROOT.       Intra module refs:   KeyScan
                                                   LedOnOrOff
                                                   main
           ENTRY                   ADDRESS         REF BY
           =====                   =======         ======
           _A_P0                   00000080 
           LOCAL                   ADDRESS         
           =====                   =======         
           P0                      00000080 
    -------------------------------------------------------------------------
SFR_AN
  Relative segment, address: DATA 0000008F - 0000008F (0x1 bytes), align: 0
  Segment part 2. ROOT.       Intra module refs:   InitKey
           ENTRY                   ADDRESS         REF BY
           =====                   =======         ======
           P0INP                   0000008F 
    -------------------------------------------------------------------------
SFR_AN
  Relative segment, address: DATA 000000F3 - 000000F3 (0x1 bytes), align: 0
  Segment part 3. ROOT.       Intra module refs:   InitKey
           ENTRY                   ADDRESS         REF BY
           =====                   =======         ======
           P0SEL                   000000F3 
    -------------------------------------------------------------------------
SFR_AN
  Relative segment, address: DATA 000000FD - 000000FD (0x1 bytes), align: 0
  Segment part 4. ROOT.       Intra module refs:   InitKey
                                                   InitLed
           ENTRY                   ADDRESS         REF BY
           =====                   =======         ======
           P0DIR                   000000FD 
    -------------------------------------------------------------------------
NEAR_CODE
  Relative segment, address: CODE 00000031 - 00000069 (0x39 bytes), align: 0
  Segment part 11.            Intra module refs:   KeyScan
                                                   main
           ENTRY                   ADDRESS         REF BY
           =====                   =======         ======
           DelayMS                 00000031 
    -------------------------------------------------------------------------
IDATA_Z
  Relative segment, address: IDATA 00000008 - 00000009 (0x2 bytes), align: 0
  Segment part 10.            Intra module refs:   DelayMS
           LOCAL                   ADDRESS         
           =====                   =======         
           DelayMS::DelayCallCount
                                   00000008 
    -------------------------------------------------------------------------
NEAR_CODE
  Relative segment, address: CODE 0000006A - 00000079 (0x10 bytes), align: 0
  Segment part 12.            Intra module refs:   InitLed
           ENTRY                   ADDRESS         REF BY
           =====                   =======         ======
           LedOnOrOff              0000006A 
    -------------------------------------------------------------------------
NEAR_CODE
  Relative segment, address: CODE 0000007A - 00000088 (0xf bytes), align: 0
  Segment part 13.            Intra module refs:   main
           ENTRY                   ADDRESS         REF BY
           =====                   =======         ======
           InitLed                 0000007A 
               calls direct
    -------------------------------------------------------------------------
NEAR_CODE
  Relative segment, address: CODE 00000089 - 00000092 (0xa bytes), align: 0
  Segment part 14.            Intra module refs:   main
           ENTRY                   ADDRESS         REF BY
           =====                   =======         ======
           InitKey                 00000089 
    -------------------------------------------------------------------------
NEAR_CODE
  Relative segment, address: CODE 00000093 - 000000AB (0x19 bytes), align: 0
  Segment part 15.            Intra module refs:   main
           ENTRY                   ADDRESS         REF BY
           =====                   =======         ======
           KeyScan                 00000093 
               calls direct
    -------------------------------------------------------------------------
NEAR_CODE
  Relative segment, address: CODE 000000AC - 0000010E (0x63 bytes), align: 0
  Segment part 16.
           ENTRY                   ADDRESS         REF BY
           =====                   =======         ======
           main                    000000AC        ?call_main (?cmain)
               calls direct
    -------------------------------------------------------------------------
ISTACK
  Segment part 5. NOT NEEDED.
    -------------------------------------------------------------------------
PSTACK
  Segment part 6. NOT NEEDED.
    -------------------------------------------------------------------------
XSTACK
  Segment part 7. NOT NEEDED.
    -------------------------------------------------------------------------
IOVERLAY
  Segment part 8. NOT NEEDED.
    -------------------------------------------------------------------------
DOVERLAY
  Segment part 9. NOT NEEDED.

    *************************************************************************

  FILE NAME : C:\Program Files (x86)\IAR Systems\Embedded Workbench 6.0\8051\LIB\CLIB\cl-pli-nsid-1e16x01.r51
  LIBRARY MODULE, NAME : ?cexit

  SEGMENTS IN THE MODULE
  ======================
CSTART
  Relative segment, address: CODE 00000003 - 00000007 (0x5 bytes), align: 0
  Segment part 0.
           ENTRY                   ADDRESS         REF BY
           =====                   =======         ======
           exit                    00000003        ?call_main (?cmain)
           ?C_EXIT                 00000003 
           ?ROM_MONITOR_NOPS       00000003 

    -------------------------------------------------------------------------
  LIBRARY MODULE, NAME : ?cmain

  SEGMENTS IN THE MODULE
  ======================
CSTART
  Relative segment, address: CODE 00000008, align: 0
  Segment part 0.
           ENTRY                   ADDRESS         REF BY
           =====                   =======         ======
           ?cmain                  00000008        Segment part 13 (CSTARTUP)
    -------------------------------------------------------------------------
CSTART
  Relative segment, address: CODE 00000008 - 00000010 (0x9 bytes), align: 0
  Segment part 1.
           ENTRY                   ADDRESS         REF BY
           =====                   =======         ======
           __low_level_init_call   00000008        __low_level_init (?low_level_init)
    -------------------------------------------------------------------------
BDATA_Z
  Segment part 2. NOT NEEDED.
    -------------------------------------------------------------------------
CSTART
  Segment part 3. NOT NEEDED.
           ENTRY                   ADDRESS         REF BY
           =====                   =======         ======
           __INIT_BDATA_Z          
    -------------------------------------------------------------------------
DATA_Z
  Segment part 4. NOT NEEDED.
    -------------------------------------------------------------------------
CSTART
  Segment part 5. NOT NEEDED.
           ENTRY                   ADDRESS         REF BY
           =====                   =======         ======
           __INIT_DATA_Z           
    -------------------------------------------------------------------------
IDATA_Z
  Segment part 6. NOT NEEDED.
    -------------------------------------------------------------------------
CSTART
  Relative segment, address: CODE 00000011 - 0000001E (0xe bytes), align: 0
  Segment part 7.
           ENTRY                   ADDRESS         REF BY
           =====                   =======         ======
           __INIT_IDATA_Z          00000011        DelayMS::DelayCallCount (main)
    -------------------------------------------------------------------------
PDATA_Z
  Segment part 8. NOT NEEDED.
    -------------------------------------------------------------------------
CSTART
  Segment part 9. NOT NEEDED.
           ENTRY                   ADDRESS         REF BY
           =====                   =======         ======
           __INIT_PDATA_Z          
    -------------------------------------------------------------------------
XDATA_Z
  Segment part 10. NOT NEEDED.
    -------------------------------------------------------------------------
CSTART
  Segment part 11. NOT NEEDED.
           ENTRY                   ADDRESS         REF BY
           =====                   =======         ======
           __INIT_XDATA_Z          
    -------------------------------------------------------------------------
IXDATA_Z
  Segment part 12. NOT NEEDED.
    -------------------------------------------------------------------------
CSTART
  Segment part 13. NOT NEEDED.
           ENTRY                   ADDRESS         REF BY
           =====                   =======         ======
           __INIT_IXDATA_Z         
    -------------------------------------------------------------------------
BDATA_I
  Segment part 14. NOT NEEDED.
    -------------------------------------------------------------------------
BDATA_ID
  Segment part 15. NOT NEEDED.
    -------------------------------------------------------------------------
CSTART
  Segment part 16. NOT NEEDED.
           ENTRY                   ADDRESS         REF BY
           =====                   =======         ======
           __INIT_BDATA_I          
    -------------------------------------------------------------------------
DATA_I
  Segment part 17. NOT NEEDED.
    -------------------------------------------------------------------------
DATA_ID
  Segment part 18. NOT NEEDED.
    -------------------------------------------------------------------------
CSTART
  Segment part 19. NOT NEEDED.
           ENTRY                   ADDRESS         REF BY
           =====                   =======         ======
           __INIT_DATA_I           
    -------------------------------------------------------------------------
IDATA_I
  Segment part 20. NOT NEEDED.
    -------------------------------------------------------------------------
IDATA_ID
  Segment part 21. NOT NEEDED.
    -------------------------------------------------------------------------
CSTART
  Segment part 22. NOT NEEDED.
           ENTRY                   ADDRESS         REF BY
           =====                   =======         ======
           __INIT_IDATA_I          
    -------------------------------------------------------------------------
PDATA_I
  Segment part 23. NOT NEEDED.
    -------------------------------------------------------------------------
PDATA_ID
  Segment part 24. NOT NEEDED.
    -------------------------------------------------------------------------
CSTART
  Segment part 25. NOT NEEDED.
           ENTRY                   ADDRESS         REF BY
           =====                   =======         ======
           __INIT_PDATA_I          
    -------------------------------------------------------------------------
XDATA_I
  Segment part 26. NOT NEEDED.
    -------------------------------------------------------------------------
XDATA_ID
  Segment part 27. NOT NEEDED.
    -------------------------------------------------------------------------
CSTART
  Segment part 28. NOT NEEDED.
           ENTRY                   ADDRESS         REF BY
           =====                   =======         ======
           __INIT_XDATA_I          
    -------------------------------------------------------------------------
IXDATA_I
  Segment part 29. NOT NEEDED.
    -------------------------------------------------------------------------
IXDATA_ID
  Segment part 30. NOT NEEDED.
    -------------------------------------------------------------------------
CSTART
  Segment part 31. NOT NEEDED.
           ENTRY                   ADDRESS         REF BY
           =====                   =======         ======
           __INIT_IXDATA_I         
    -------------------------------------------------------------------------
CSTART
  Relative segment, address: CODE 0000001F, align: 0
  Segment part 32.            Intra module refs:   __low_level_init_call
    -------------------------------------------------------------------------
CSTART
  Relative segment, address: CODE 0000001F - 00000024 (0x6 bytes), align: 0
  Segment part 33.            Intra module refs:   ?cmain
           ENTRY                   ADDRESS         REF BY
           =====                   =======         ======
           ?call_main              0000001F 

    -------------------------------------------------------------------------
  LIBRARY MODULE, NAME : CSTARTUP

  SEGMENTS IN THE MODULE
  ======================
REGISTERS
  Relative segment, address: DATA 00000000, align: 0
  Segment part 0.             Intra module refs:   Segment part 6
           ENTRY                   ADDRESS         REF BY
           =====                   =======         ======
           ?REGISTERS              00000000 
    -------------------------------------------------------------------------
ISTACK
  Relative segment, address: IDATA 000000C0, align: 0
  Segment part 1.             Intra module refs:   Segment part 6
           ENTRY                   ADDRESS         REF BY
           =====                   =======         ======
           ?ISTACK_START           000000C0 
    -------------------------------------------------------------------------
PSTACK
  Segment part 2. NOT NEEDED.
           ENTRY                   ADDRESS         REF BY
           =====                   =======         ======
           ?PSTACK_START           
    -------------------------------------------------------------------------
XSTACK
  Segment part 3. NOT NEEDED.
           ENTRY                   ADDRESS         REF BY
           =====                   =======         ======
           ?XSTACK_START           
    -------------------------------------------------------------------------
EXT_STACK
  Segment part 4. NOT NEEDED.
           ENTRY                   ADDRESS         REF BY
           =====                   =======         ======
           ?EXT_STACK_START        
    -------------------------------------------------------------------------
INTVEC
  Common segment, address: CODE 00000000 - 00000002 (0x3 bytes), align: 0
  Segment part 5. ROOT.       Intra module refs:   Segment part 6
    -------------------------------------------------------------------------
CSTART
  Relative segment, address: CODE 00000025 - 0000002A (0x6 bytes), align: 0
  Segment part 6. ROOT.       Intra module refs:   Segment part 5
           ENTRY                   ADDRESS         REF BY
           =====                   =======         ======
           __program_start         00000025        Absolute parts (?ABS_ENTRY_MOD)
           ?RESET_SP               00000028 
    -------------------------------------------------------------------------
CSTART
  Segment part 7. NOT NEEDED.
           ENTRY                   ADDRESS         REF BY
           =====                   =======         ======
           ?RESET_PSP              
    -------------------------------------------------------------------------
CSTART
  Segment part 8. NOT NEEDED.
           ENTRY                   ADDRESS         REF BY
           =====                   =======         ======
           ?RESET_XSP              
    -------------------------------------------------------------------------
CSTART
  Segment part 9. NOT NEEDED.
           ENTRY                   ADDRESS         REF BY
           =====                   =======         ======
           ?RESET_CODE_BANK        
    -------------------------------------------------------------------------
PDATA_Z
  Relative segment, address: XDATA 00001E00, align: 0
  Segment part 10. ROOT.
    -------------------------------------------------------------------------
CSTART
  Segment part 11. NOT NEEDED.
           ENTRY                   ADDRESS         REF BY
           =====                   =======         ======
           ?RESET_PDATA_BANK       
    -------------------------------------------------------------------------
CSTART
  Segment part 12. NOT NEEDED.
           ENTRY                   ADDRESS         REF BY
           =====                   =======         ======
           __disable_infineon_pflash
                                   
    -------------------------------------------------------------------------
CSTART
  Relative segment, address: CODE 0000002B - 0000002D (0x3 bytes), align: 0
  Segment part 13.            Intra module refs:   Absolute parts

    -------------------------------------------------------------------------
  LIBRARY MODULE, NAME : VIRTUAL_REGISTERS

  SEGMENTS IN THE MODULE
  ======================
BREG
  Relative segment, address: BIT 00000020.0 - 00000020.7 (0x8 bits), align: 0
  Segment part 0.
           ENTRY                   ADDRESS         REF BY
           =====                   =======         ======
           ?B0                     00000020.0      Absolute parts (CSTARTUP)
    -------------------------------------------------------------------------
VREG
  Segment part 1. NOT NEEDED.
           ENTRY                   ADDRESS         REF BY
           =====                   =======         ======
           ?V0                     
    -------------------------------------------------------------------------
PSP
  Segment part 2. NOT NEEDED.
           ENTRY                   ADDRESS         REF BY
           =====                   =======         ======
           ?PSP                    
    -------------------------------------------------------------------------
XSP
  Segment part 3. NOT NEEDED.
           ENTRY                   ADDRESS         REF BY
           =====                   =======         ======
           ?XSP                    

    -------------------------------------------------------------------------
  LIBRARY MODULE, NAME : ?low_level_init

  SEGMENTS IN THE MODULE
  ======================
CSTART
  Relative segment, address: CODE 0000002E - 00000030 (0x3 bytes), align: 0
  Segment part 6. ROOT.
           ENTRY                   ADDRESS         REF BY
           =====                   =======         ======
           __low_level_init        0000002E        __low_level_init_call (?cmain)
    -------------------------------------------------------------------------
ISTACK
  Segment part 1. NOT NEEDED.
    -------------------------------------------------------------------------
PSTACK
  Segment part 2. NOT NEEDED.
    -------------------------------------------------------------------------
XSTACK
  Segment part 3. NOT NEEDED.
    -------------------------------------------------------------------------
IOVERLAY
  Segment part 4. NOT NEEDED.
    -------------------------------------------------------------------------
DOVERLAY
  Segment part 5. NOT NEEDED.




                ****************************************
                *                                      *
                *            MODULE SUMMARY            *
                *                                      *
                ****************************************

Module               CODE      DATA      IDATA    BIT
------               ----      ----      -----    ---
                    (Rel)  (Rel)  (Abs)  (Rel)  (Rel)
?cexit                  5
?cmain                 29
?low_level_init         3
CSTARTUP                9
  + common              3
VIRTUAL_REGISTERS                                   8
main                  222             4      2
N/A (command line)             8            64
----------            ---      -      -     --      -
Total:                268      8      4     66      8
  + common              3


                ****************************************
                *                                      *
                *              CALL GRAPH              *
                *                                      *
                ****************************************

  ->Sub-tree of type: Function tree
  03      DelayMS
  02    KeyScan
  02    InitKey
  03      LedOnOrOff
  02    InitLed
  02    DelayMS
        |  Already listed
  02    DelayMS
        |  Already listed
  02    DelayMS
        |  Already listed
  02    DelayMS
        |  Already listed
  02    DelayMS
        |  Already listed
  02    DelayMS
        |  Already listed
  01  main
  <-Sub-tree of type: Function tree


  ->Sub-tree of type: Function tree
  01  exit
  <-Sub-tree of type: Function tree


  ->Sub-tree of type: Function tree
  01  __program_start
  <-Sub-tree of type: Function tree


  ->Sub-tree of type: Function tree
  01  __low_level_init
  <-Sub-tree of type: Function tree




                ****************************************
                *                                      *
                *      SEGMENTS IN ADDRESS ORDER       *
                *                                      *
                ****************************************


SEGMENT              SPACE    START ADDRESS   END ADDRESS     SIZE  TYPE  ALIGN
=======              =====    =============   ===========     ====  ====  =====
INTVEC               CODE          00000000 - 00000002           3   com    0
CSTART               CODE          00000003 - 00000030          2E   rel    0
CODE_N               CODE               00000031                     dse    0
CODE_C               CODE               00000031                     dse    0
RCODE                CODE               00000031                     dse    0
DIFUNCT              CODE               00000031                     dse    0
NEAR_CODE            CODE          00000031 - 0000010E          DE   rel    0
REGISTERS            DATA          00000000 - 00000007           8   rel    0
BREG                 BIT        00000020.0  -  00000020.7        8   rel    0
SFR_AN               DATA          00000080 - 00000080           1   rel    0
                     DATA          0000008F - 0000008F           1 
                     DATA          000000F3 - 000000F3           1 
                     DATA          000000FD - 000000FD           1 
PDATA_Z              XDATA              00001E00                     rel    0
IDATA_I              IDATA              00000008                     dse    0
IDATA_Z              IDATA         00000008 - 00000009           2   rel    0
ISTACK               IDATA         000000C0 - 000000FF          40   rel    0

                ****************************************
                *                                      *
                *        END OF CROSS REFERENCE        *
                *                                      *
                ****************************************

 271 bytes of CODE  memory
   8 bytes of DATA  memory (+ 4 absolute )
  66 bytes of IDATA memory
   8 bits  of BIT   memory

Errors: none
Warnings: none

